Γû▓ Next.js 16.1.6 (Turbopack)

  Creating an optimized production build ...
node.exe : Error: Cannot 
apply unknown utility 
class `border-border`. 
Are you using CSS modules 
or similar and missing 
`@reference`? https://tail
windcss.com/docs/functions
-and-directives#reference-
directive
At line:1 char:1
+ & "C:\Program 
Files\nodejs/node.exe" 
"C:\Program 
Files\nodejs/node_mo ...
+ ~~~~~~~~~~~~~~~~~~~~~~~~
~~~~~~~~~~~~~~~~~~~~~~~~~~
~~~~~~~~~~~~~~~~~~~
    + CategoryInfo        
      : NotSpecified: (E  
  rror: Cannot a...renc   
 e-directive:String) [    
], RemoteException
    + FullyQualifiedError 
   Id : NativeCommandErr  
  or
 
    [2m[at 
onInvalidCandidate (C:\Use
rs\PRASHANTHI\OneDrive\Des
ktop\soso-smre\node_module
s\tailwindcss\dist\lib.js:
21:1314)][0m
    [2m[at Te (C:\Users\P
RASHANTHI\OneDrive\Desktop
\soso-smre\node_modules\ta
ilwindcss\dist\lib.js:16:3
6652)][0m
    [2m[at C:\Users\PRASH
ANTHI\OneDrive\Desktop\sos
o-smre\node_modules\tailwi
ndcss\dist\lib.js:21:355]
[0m
    [2m[at Rr (C:\Users\P
RASHANTHI\OneDrive\Desktop
\soso-smre\node_modules\ta
ilwindcss\dist\lib.js:3:17
18)][0m
    [2m[at _ (C:\Users\PR
ASHANTHI\OneDrive\Desktop\
soso-smre\node_modules\tai
lwindcss\dist\lib.js:3:137
7)][0m
    [2m[at $e (C:\Users\P
RASHANTHI\OneDrive\Desktop
\soso-smre\node_modules\ta
ilwindcss\dist\lib.js:21:1
72)][0m
    [2m[at un (C:\Users\P
RASHANTHI\OneDrive\Desktop
\soso-smre\node_modules\ta
ilwindcss\dist\lib.js:38:2
94)][0m
    [2m[at process.proces
sTicksAndRejections (node:
internal/process/task_queu
es:103:5)][0m
    [2m[at async cn (C:\U
sers\PRASHANTHI\OneDrive\D
esktop\soso-smre\node_modu
les\tailwindcss\dist\lib.j
s:38:631)][0m
    [2m[at async Xr (C:\U
sers\PRASHANTHI\OneDrive\D
esktop\soso-smre\node_modu
les\@tailwindcss\node\dist
\index.js:10:3417)][0m

> Build error occurred
Error: Turbopack build 
failed with 1 errors:
./src/app/globals.css
Error evaluating Node.js 
code
CssSyntaxError: 
tailwindcss: C:\Users\PRAS
HANTHI\OneDrive\Desktop\so
so-smre\src\app\globals.cs
s:1:1: Cannot apply 
unknown utility class 
`border-border`. Are you 
using CSS modules or 
similar and missing 
`@reference`? https://tail
windcss.com/docs/functions
-and-directives#reference-
directive
    at Input.error (node_m
odules/postcss/lib/input.j
s:135:16) [C:\Users\PRASHA
NTHI\OneDrive\Desktop\soso
-smre\.next\build\chunks\n
ode_modules_fe693df6._.js:
4651:22]
    at Root.error (node_mo
dules/postcss/lib/node.js:
146:32) [C:\Users\PRASHANT
HI\OneDrive\Desktop\soso-s
mre\.next\build\chunks\nod
e_modules_fe693df6._.js:92
8:38]
    [at Object.Once (C:\Us
ers\PRASHANTHI\OneDrive\De
sktop\soso-smre\node_modul
es\@tailwindcss\postcss\di
st\index.js:10:6911)]
    [at process.processTic
ksAndRejections (node:inte
rnal/process/task_queues:1
03:5)]
    at async 
LazyResult.runAsync (node_
modules/postcss/lib/lazy-r
esult.js:293:11) [C:\Users
\PRASHANTHI\OneDrive\Deskt
op\soso-smre\.next\build\c
hunks\node_modules_fe693df
6._.js:6206:21]
    at async transform (tu
rbopack:///[turbopack-node
]/transforms/postcss.ts:70
:34) [C:\Users\PRASHANTHI\
OneDrive\Desktop\soso-smre
\.next\build\chunks\[root-
of-the-server]__51225daf._
.js:146:36]
    at async run (turbopac
k:///[turbopack-node]/ipc/
evaluate.ts:92:23) [C:\Use
rs\PRASHANTHI\OneDrive\Des
ktop\soso-smre\.next\build
\chunks\[root-of-the-serve
r]__974941ed._.js:443:31]

Import trace:
  Client Component 
Browser:
    ./src/app/globals.css 
[Client Component Browser]
    ./src/app/layout.tsx 
[Server Component]


    at async transform (tu
rbopack:///[turbopack-node
]/transforms/postcss.ts:70
:34) [C:\Users\PRASHANTHI\
OneDrive\Desktop\soso-smre
\.next\build\chunks\[root-
of-the-server]__51225daf._
.js:146:36])
    at async run (turbopac
k:///[turbopack-node]/ipc/
evaluate.ts:92:23) [C:\Use
rs\PRASHANTHI\OneDrive\Des
ktop\soso-smre\.next\build
\chunks\[root-of-the-serve
r]__974941ed._.js:443:31])
